2026-05-11 11:12:43 [info]: New PostgreSQL client connected
2026-05-12 14:41:53 [warn]: Queues disabled — DISABLE_REDIS=true
2026-05-12 14:41:53 [info]: FleetOps API running on port 5000 [development]
2026-05-12 14:43:48 [warn]: Queues disabled — DISABLE_REDIS=true
2026-05-12 14:43:48 [info]: FleetOps API running on port 5000 [development]
2026-05-12 15:06:46 [info]: New PostgreSQL client connected
2026-05-12 15:06:47 [info]: New PostgreSQL client connected
2026-05-12 15:06:47 [info]: New PostgreSQL client connected
2026-05-12 15:06:47 [info]: New PostgreSQL client connected
2026-05-12 15:06:47 [info]: New PostgreSQL client connected
2026-05-12 15:06:47 [info]: New PostgreSQL client connected
2026-05-12 15:07:26 [info]: New PostgreSQL client connected
2026-05-12 15:09:56 [warn]: Queues disabled — DISABLE_REDIS=true
2026-05-12 15:09:56 [info]: FleetOps API running on port 5000 [development]
2026-05-12 15:14:20 [error]: [POST /api/v1/auth/login] Error: Not allowed by CORS
    at origin (/workspaces/Sonalit/backend/src/app.js:63:264)
    at /workspaces/Sonalit/backend/node_modules/cors/lib/index.js:219:13
    at optionsCallback (/workspaces/Sonalit/backend/node_modules/cors/lib/index.js:199:9)
    at corsMiddleware (/workspaces/Sonalit/backend/node_modules/cors/lib/index.js:204:7)
    at Layer.handle [as handle_request] (/workspaces/Sonalit/backend/node_modules/express/lib/router/layer.js:95:5)
    at trim_prefix (/workspaces/Sonalit/backend/node_modules/express/lib/router/index.js:328:13)
    at /workspaces/Sonalit/backend/node_modules/express/lib/router/index.js:286:9
    at Function.process_params (/workspaces/Sonalit/backend/node_modules/express/lib/router/index.js:346:12)
    at next (/workspaces/Sonalit/backend/node_modules/express/lib/router/index.js:280:10)
    at internalNext (/workspaces/Sonalit/backend/node_modules/helmet/index.cjs:537:6)
2026-05-12 15:14:23 [error]: [POST /api/v1/auth/login] Error: Not allowed by CORS
    at origin (/workspaces/Sonalit/backend/src/app.js:63:264)
    at /workspaces/Sonalit/backend/node_modules/cors/lib/index.js:219:13
    at optionsCallback (/workspaces/Sonalit/backend/node_modules/cors/lib/index.js:199:9)
    at corsMiddleware (/workspaces/Sonalit/backend/node_modules/cors/lib/index.js:204:7)
    at Layer.handle [as handle_request] (/workspaces/Sonalit/backend/node_modules/express/lib/router/layer.js:95:5)
    at trim_prefix (/workspaces/Sonalit/backend/node_modules/express/lib/router/index.js:328:13)
    at /workspaces/Sonalit/backend/node_modules/express/lib/router/index.js:286:9
    at Function.process_params (/workspaces/Sonalit/backend/node_modules/express/lib/router/index.js:346:12)
    at next (/workspaces/Sonalit/backend/node_modules/express/lib/router/index.js:280:10)
    at internalNext (/workspaces/Sonalit/backend/node_modules/helmet/index.cjs:537:6)
2026-05-12 15:15:47 [warn]: Queues disabled — DISABLE_REDIS=true
2026-05-12 15:15:47 [info]: FleetOps API running on port 5000 [development]
2026-05-12 15:15:55 [warn]: Queues disabled — DISABLE_REDIS=true
2026-05-12 15:15:55 [info]: FleetOps API running on port 5000 [development]
2026-05-12 15:20:10 [warn]: Queues disabled — DISABLE_REDIS=true
2026-05-12 15:20:10 [info]: FleetOps API running on port 5000 [development]
2026-05-12 15:23:05 [warn]: Queues disabled — DISABLE_REDIS=true
2026-05-12 15:23:05 [info]: FleetOps API running on port 5000 [development]
2026-05-12 15:26:06 [warn]: Queues disabled — DISABLE_REDIS=true
2026-05-12 15:26:06 [info]: FleetOps API running on port 5000 [development]
2026-05-12 15:27:53 [warn]: Queues disabled — DISABLE_REDIS=true
2026-05-12 15:27:53 [info]: FleetOps API running on port 5000 [development]
2026-05-12 15:37:59 [warn]: Queues disabled — DISABLE_REDIS=true
2026-05-12 15:37:59 [info]: FleetOps v2 port 5000
2026-05-12 15:38:31 [warn]: Queues disabled — DISABLE_REDIS=true
2026-05-12 15:38:31 [info]: FleetOps v2 port 5000
2026-05-12 15:42:18 [info]: New PostgreSQL client connected
2026-05-12 15:42:18 [info]: Login: admin@fleetops.local (admin)
2026-05-12 15:42:18 [info]: POST /api/v1/auth/login 200 379 - 136.519 ms
2026-05-12 15:42:19 [info]: GET /api/v1/analytics/convoy-metrics 200 2800 - 10.212 ms
2026-05-12 15:42:19 [info]: GET /api/v1/analytics/fleet-utilization 200 358 - 24.078 ms
2026-05-12 15:42:19 [info]: New PostgreSQL client connected
2026-05-12 15:42:19 [info]: New PostgreSQL client connected
2026-05-12 15:42:19 [info]: New PostgreSQL client connected
2026-05-12 15:42:19 [info]: New PostgreSQL client connected
2026-05-12 15:42:19 [info]: New PostgreSQL client connected
2026-05-12 15:42:19 [info]: GET /api/v1/analytics/dashboard 200 118 - 136.295 ms
2026-05-12 15:42:19 [info]: GET /api/v1/alerts?resolved=false&limit=5 200 1049 - 12.767 ms
2026-05-12 15:42:19 [info]: GET /api/v1/convoys?status=active&limit=5 200 584 - 17.427 ms
2026-05-12 15:42:19 [info]: GET /api/v1/analytics/convoy-metrics 304 - - 5.702 ms
2026-05-12 15:42:20 [info]: GET /api/v1/analytics/dashboard 304 - - 6.138 ms
2026-05-12 15:42:20 [info]: GET /api/v1/analytics/fleet-utilization 304 - - 4.387 ms
2026-05-12 15:42:20 [info]: GET /api/v1/alerts?resolved=false&limit=5 304 - - 5.078 ms
2026-05-12 15:42:20 [info]: GET /api/v1/convoys?status=active&limit=5 304 - - 5.039 ms
2026-05-12 15:42:29 [info]: GET /api/v1/vehicles?limit=200 200 8468 - 3.401 ms
2026-05-12 15:42:30 [info]: GET /api/v1/vehicles?limit=200 304 - - 11.501 ms
2026-05-12 15:42:31 [info]: GET /api/v1/geofences 200 11 - 2.825 ms
2026-05-12 15:42:34 [info]: GET /api/v1/analytics/dashboard 304 - - 9.258 ms
2026-05-12 15:42:34 [info]: GET /api/v1/analytics/fleet-utilization 304 - - 17.050 ms
2026-05-12 15:42:34 [info]: GET /api/v1/convoys?status=active&limit=5 304 - - 15.671 ms
2026-05-12 15:42:34 [info]: New PostgreSQL client connected
2026-05-12 15:42:34 [info]: GET /api/v1/alerts?resolved=false&limit=5 304 - - 54.793 ms
2026-05-12 15:42:35 [info]: GET /api/v1/analytics/dashboard 304 - - 9.718 ms
2026-05-12 15:42:35 [info]: GET /api/v1/analytics/convoy-metrics 304 - - 4.486 ms
2026-05-12 15:42:35 [info]: GET /api/v1/analytics/fleet-utilization 304 - - 3.452 ms
2026-05-12 15:42:35 [info]: GET /api/v1/convoys?status=active&limit=5 304 - - 5.056 ms
2026-05-12 15:42:35 [info]: GET /api/v1/alerts?resolved=false&limit=5 304 - - 4.406 ms
2026-05-12 15:42:35 [info]: GET /api/v1/analytics/convoy-metrics 304 - - 3.088 ms
2026-05-12 15:43:04 [info]: GET /api/v1/analytics/fleet-utilization 304 - - 10.516 ms
2026-05-12 15:43:04 [info]: GET /api/v1/analytics/convoy-metrics 304 - - 35.370 ms
2026-05-12 15:43:04 [info]: GET /api/v1/analytics/dashboard 304 - - 31.871 ms
2026-05-12 15:43:04 [info]: GET /api/v1/convoys?status=active&limit=5 304 - - 11.793 ms
2026-05-12 15:43:34 [info]: GET /api/v1/analytics/convoy-metrics 200 2800 - 8.573 ms
2026-05-12 15:43:34 [info]: New PostgreSQL client connected
2026-05-12 15:43:34 [info]: GET /api/v1/analytics/dashboard 200 118 - 41.148 ms
2026-05-12 15:43:34 [info]: GET /api/v1/convoys?status=active&limit=5 200 584 - 8.513 ms
2026-05-12 15:43:35 [info]: GET /api/v1/analytics/fleet-utilization 200 358 - 2.161 ms
2026-05-12 15:44:04 [info]: GET /api/v1/analytics/convoy-metrics 200 2800 - 3.783 ms
2026-05-12 15:44:04 [info]: GET /api/v1/convoys?status=active&limit=5 200 584 - 3.573 ms
2026-05-12 15:44:05 [info]: New PostgreSQL client connected
2026-05-12 15:44:05 [info]: New PostgreSQL client connected
2026-05-12 15:44:05 [info]: New PostgreSQL client connected
2026-05-12 15:44:05 [info]: New PostgreSQL client connected
2026-05-12 15:44:05 [info]: New PostgreSQL client connected
2026-05-12 15:44:05 [info]: GET /api/v1/analytics/dashboard 200 118 - 40.108 ms
2026-05-12 15:44:06 [info]: GET /api/v1/analytics/fleet-utilization 200 358 - 4.031 ms
2026-05-12 15:44:34 [info]: GET /api/v1/analytics/convoy-metrics 200 2800 - 6.936 ms
2026-05-12 15:44:34 [info]: GET /api/v1/analytics/fleet-utilization 200 358 - 4.891 ms
2026-05-12 15:44:35 [info]: GET /api/v1/convoys?status=active&limit=5 200 584 - 10.272 ms
2026-05-12 15:44:35 [info]: GET /api/v1/analytics/dashboard 200 118 - 13.269 ms
2026-05-12 15:45:05 [info]: New PostgreSQL client connected
2026-05-12 15:45:05 [info]: GET /api/v1/analytics/fleet-utilization 200 358 - 33.214 ms
2026-05-12 15:45:05 [info]: GET /api/v1/analytics/convoy-metrics 200 2800 - 10.187 ms
2026-05-12 15:45:05 [info]: New PostgreSQL client connected
2026-05-12 15:45:05 [info]: GET /api/v1/convoys?status=active&limit=5 200 584 - 28.266 ms
2026-05-12 15:45:05 [info]: New PostgreSQL client connected
2026-05-12 15:45:05 [info]: New PostgreSQL client connected
2026-05-12 15:45:05 [info]: New PostgreSQL client connected
2026-05-12 15:45:05 [info]: New PostgreSQL client connected
2026-05-12 15:45:05 [info]: GET /api/v1/analytics/dashboard 200 118 - 37.880 ms
2026-05-12 15:45:35 [info]: GET /api/v1/analytics/fleet-utilization 200 358 - 5.873 ms
2026-05-12 15:45:35 [info]: GET /api/v1/analytics/convoy-metrics 200 2800 - 6.333 ms
2026-05-12 15:45:35 [info]: GET /api/v1/convoys?status=active&limit=5 200 584 - 15.356 ms
2026-05-12 15:45:35 [info]: GET /api/v1/analytics/dashboard 200 118 - 18.459 ms
2026-05-12 15:47:02 [info]: New PostgreSQL client connected
2026-05-12 15:47:02 [info]: GET /api/v1/convoys?status=active&limit=5 200 584 - 48.267 ms
2026-05-12 15:47:02 [info]: GET /api/v1/analytics/convoy-metrics 200 2800 - 4.180 ms
2026-05-12 15:47:02 [info]: GET /api/v1/analytics/fleet-utilization 200 358 - 4.031 ms
2026-05-12 15:47:02 [info]: New PostgreSQL client connected
2026-05-12 15:47:02 [info]: New PostgreSQL client connected
2026-05-12 15:47:02 [info]: New PostgreSQL client connected
2026-05-12 15:47:02 [info]: New PostgreSQL client connected
2026-05-12 15:47:02 [info]: New PostgreSQL client connected
2026-05-12 15:47:02 [info]: GET /api/v1/analytics/dashboard 200 118 - 75.722 ms
2026-05-12 15:48:02 [info]: New PostgreSQL client connected
2026-05-12 15:48:02 [info]: GET /api/v1/analytics/convoy-metrics 304 - - 25.394 ms
2026-05-12 15:48:02 [info]: New PostgreSQL client connected
2026-05-12 15:48:02 [info]: New PostgreSQL client connected
2026-05-12 15:48:02 [info]: New PostgreSQL client connected
2026-05-12 15:48:02 [info]: New PostgreSQL client connected
2026-05-12 15:48:02 [info]: New PostgreSQL client connected
2026-05-12 15:48:02 [info]: GET /api/v1/analytics/dashboard 304 - - 71.144 ms
2026-05-12 15:48:02 [info]: GET /api/v1/convoys?status=active&limit=5 304 - - 5.045 ms
2026-05-12 15:48:02 [info]: GET /api/v1/analytics/fleet-utilization 304 - - 2.301 ms
2026-05-12 15:49:03 [info]: New PostgreSQL client connected
2026-05-12 15:49:03 [info]: GET /api/v1/analytics/fleet-utilization 200 358 - 5.009 ms
2026-05-12 15:49:03 [info]: New PostgreSQL client connected
2026-05-12 15:49:03 [info]: New PostgreSQL client connected
2026-05-12 15:49:03 [info]: New PostgreSQL client connected
2026-05-12 15:49:03 [info]: New PostgreSQL client connected
2026-05-12 15:49:03 [info]: New PostgreSQL client connected
2026-05-12 15:49:03 [info]: GET /api/v1/analytics/convoy-metrics 200 2800 - 105.980 ms
2026-05-12 15:49:03 [info]: New PostgreSQL client connected
2026-05-12 15:49:03 [info]: New PostgreSQL client connected
2026-05-12 15:49:03 [info]: GET /api/v1/analytics/dashboard 200 118 - 132.559 ms
2026-05-12 15:49:03 [info]: GET /api/v1/convoys?status=active&limit=5 200 584 - 126.782 ms
2026-05-12 15:50:02 [info]: New PostgreSQL client connected
2026-05-12 15:50:02 [info]: GET /api/v1/analytics/fleet-utilization 200 358 - 24.887 ms
2026-05-12 15:50:02 [info]: GET /api/v1/analytics/convoy-metrics 200 2800 - 7.863 ms
2026-05-12 15:50:02 [info]: GET /api/v1/convoys?status=active&limit=5 200 584 - 5.579 ms
2026-05-12 15:50:03 [info]: New PostgreSQL client connected
2026-05-12 15:50:03 [info]: New PostgreSQL client connected
2026-05-12 15:50:03 [info]: New PostgreSQL client connected
2026-05-12 15:50:03 [info]: New PostgreSQL client connected
2026-05-12 15:50:03 [info]: New PostgreSQL client connected
2026-05-12 15:50:03 [info]: GET /api/v1/analytics/dashboard 200 118 - 70.938 ms
2026-05-12 15:51:02 [info]: New PostgreSQL client connected
2026-05-12 15:51:02 [info]: GET /api/v1/convoys?status=active&limit=5 200 584 - 18.944 ms
2026-05-12 15:51:02 [info]: GET /api/v1/analytics/fleet-utilization 200 358 - 2.197 ms
2026-05-12 15:51:04 [info]: New PostgreSQL client connected
2026-05-12 15:51:04 [info]: New PostgreSQL client connected
2026-05-12 15:51:04 [info]: New PostgreSQL client connected
2026-05-12 15:51:04 [info]: New PostgreSQL client connected
2026-05-12 15:51:04 [info]: New PostgreSQL client connected
2026-05-12 15:51:04 [info]: New PostgreSQL client connected
2026-05-12 15:51:04 [info]: GET /api/v1/analytics/convoy-metrics 200 2800 - 49.351 ms
2026-05-12 15:51:04 [info]: GET /api/v1/analytics/dashboard 200 118 - 61.757 ms
2026-05-12 15:52:02 [info]: New PostgreSQL client connected
2026-05-12 15:52:02 [info]: GET /api/v1/convoys?status=active&limit=5 200 584 - 24.272 ms
2026-05-12 15:52:03 [info]: New PostgreSQL client connected
2026-05-12 15:52:03 [info]: New PostgreSQL client connected
2026-05-12 15:52:03 [info]: New PostgreSQL client connected
2026-05-12 15:52:03 [info]: New PostgreSQL client connected
2026-05-12 15:52:03 [info]: New PostgreSQL client connected
2026-05-12 15:52:03 [info]: GET /api/v1/analytics/dashboard 200 118 - 195.009 ms
2026-05-12 15:52:03 [info]: GET /api/v1/analytics/convoy-metrics 200 2800 - 11.164 ms
2026-05-12 15:52:03 [info]: GET /api/v1/analytics/fleet-utilization 200 358 - 4.670 ms
2026-05-12 15:53:02 [info]: New PostgreSQL client connected
2026-05-12 15:53:02 [info]: GET /api/v1/analytics/fleet-utilization 200 358 - 16.637 ms
2026-05-12 15:53:02 [info]: GET /api/v1/convoys?status=active&limit=5 200 584 - 10.281 ms
2026-05-12 15:53:02 [info]: New PostgreSQL client connected
2026-05-12 15:53:02 [info]: GET /api/v1/analytics/convoy-metrics 200 2800 - 12.991 ms
2026-05-12 15:53:02 [info]: New PostgreSQL client connected
2026-05-12 15:53:02 [info]: New PostgreSQL client connected
2026-05-12 15:53:02 [info]: New PostgreSQL client connected
2026-05-12 15:53:02 [info]: New PostgreSQL client connected
2026-05-12 15:53:02 [info]: GET /api/v1/analytics/dashboard 200 118 - 80.611 ms
2026-05-12 15:54:02 [info]: New PostgreSQL client connected
2026-05-12 15:54:02 [info]: GET /api/v1/analytics/fleet-utilization 304 - - 18.041 ms
2026-05-12 15:54:02 [info]: New PostgreSQL client connected
2026-05-12 15:54:02 [info]: New PostgreSQL client connected
2026-05-12 15:54:02 [info]: New PostgreSQL client connected
2026-05-12 15:54:02 [info]: New PostgreSQL client connected
2026-05-12 15:54:02 [info]: New PostgreSQL client connected
2026-05-12 15:54:02 [info]: GET /api/v1/analytics/dashboard 304 - - 106.800 ms
2026-05-12 15:54:02 [info]: GET /api/v1/analytics/convoy-metrics 304 - - 31.796 ms
2026-05-12 15:54:02 [info]: GET /api/v1/convoys?status=active&limit=5 304 - - 3.483 ms
2026-05-12 15:55:02 [info]: New PostgreSQL client connected
2026-05-12 15:55:02 [info]: New PostgreSQL client connected
2026-05-12 15:55:02 [info]: GET /api/v1/analytics/convoy-metrics 200 2800 - 21.264 ms
2026-05-12 15:55:02 [info]: GET /api/v1/convoys?status=active&limit=5 200 584 - 40.461 ms
2026-05-12 15:55:02 [info]: New PostgreSQL client connected
2026-05-12 15:55:02 [info]: New PostgreSQL client connected
2026-05-12 15:55:02 [info]: New PostgreSQL client connected
2026-05-12 15:55:02 [info]: New PostgreSQL client connected
2026-05-12 15:55:02 [info]: GET /api/v1/analytics/dashboard 200 118 - 78.752 ms
2026-05-12 15:55:02 [info]: GET /api/v1/analytics/fleet-utilization 200 358 - 2.500 ms
2026-05-12 15:56:02 [info]: New PostgreSQL client connected
2026-05-12 15:56:02 [info]: New PostgreSQL client connected
2026-05-12 15:56:02 [info]: New PostgreSQL client connected
2026-05-12 15:56:02 [info]: New PostgreSQL client connected
2026-05-12 15:56:02 [info]: New PostgreSQL client connected
2026-05-12 15:56:02 [info]: New PostgreSQL client connected
2026-05-12 15:56:02 [info]: GET /api/v1/analytics/dashboard 304 - - 95.712 ms
2026-05-12 15:56:02 [info]: GET /api/v1/analytics/convoy-metrics 304 - - 7.128 ms
2026-05-12 15:56:03 [info]: GET /api/v1/convoys?status=active&limit=5 304 - - 4.746 ms
2026-05-12 15:56:03 [info]: GET /api/v1/analytics/fleet-utilization 304 - - 3.943 ms
2026-05-12 15:57:02 [info]: New PostgreSQL client connected
2026-05-12 15:57:02 [info]: GET /api/v1/analytics/convoy-metrics 200 2800 - 37.101 ms
2026-05-12 15:57:02 [info]: New PostgreSQL client connected
2026-05-12 15:57:02 [info]: New PostgreSQL client connected
2026-05-12 15:57:02 [info]: New PostgreSQL client connected
2026-05-12 15:57:02 [info]: New PostgreSQL client connected
2026-05-12 15:57:03 [info]: New PostgreSQL client connected
2026-05-12 15:57:03 [info]: GET /api/v1/analytics/dashboard 200 118 - 58.158 ms
2026-05-12 15:57:03 [info]: GET /api/v1/analytics/fleet-utilization 200 358 - 6.600 ms
2026-05-12 15:57:03 [info]: GET /api/v1/convoys?status=active&limit=5 200 584 - 3.306 ms
2026-05-12 15:58:02 [info]: New PostgreSQL client connected
2026-05-12 15:58:02 [info]: New PostgreSQL client connected
2026-05-12 15:58:02 [info]: New PostgreSQL client connected
2026-05-12 15:58:02 [info]: New PostgreSQL client connected
2026-05-12 15:58:02 [info]: New PostgreSQL client connected
2026-05-12 15:58:02 [info]: New PostgreSQL client connected
2026-05-12 15:58:02 [info]: GET /api/v1/analytics/dashboard 200 118 - 54.869 ms
2026-05-12 15:58:02 [info]: GET /api/v1/convoys?status=active&limit=5 200 584 - 5.467 ms
2026-05-12 15:58:03 [info]: GET /api/v1/analytics/convoy-metrics 200 2800 - 6.306 ms
2026-05-12 15:58:03 [info]: GET /api/v1/analytics/fleet-utilization 200 358 - 2.860 ms
2026-05-12 15:59:02 [info]: New PostgreSQL client connected
2026-05-12 15:59:02 [info]: GET /api/v1/convoys?status=active&limit=5 200 584 - 17.456 ms
2026-05-12 15:59:02 [info]: GET /api/v1/analytics/fleet-utilization 200 358 - 8.804 ms
2026-05-12 15:59:02 [info]: New PostgreSQL client connected
2026-05-12 15:59:02 [info]: New PostgreSQL client connected
2026-05-12 15:59:02 [info]: New PostgreSQL client connected
2026-05-12 15:59:02 [info]: New PostgreSQL client connected
2026-05-12 15:59:02 [info]: New PostgreSQL client connected
2026-05-12 15:59:02 [info]: GET /api/v1/analytics/dashboard 200 118 - 78.638 ms
2026-05-12 15:59:02 [info]: GET /api/v1/analytics/convoy-metrics 200 2800 - 9.874 ms
2026-05-12 16:00:02 [info]: New PostgreSQL client connected
2026-05-12 16:00:02 [info]: GET /api/v1/analytics/convoy-metrics 200 2800 - 64.708 ms
2026-05-12 16:00:02 [info]: New PostgreSQL client connected
2026-05-12 16:00:02 [info]: New PostgreSQL client connected
2026-05-12 16:00:02 [info]: New PostgreSQL client connected
2026-05-12 16:00:02 [info]: New PostgreSQL client connected
2026-05-12 16:00:02 [info]: New PostgreSQL client connected
2026-05-12 16:00:03 [info]: GET /api/v1/analytics/dashboard 200 118 - 156.185 ms
2026-05-12 16:00:03 [info]: GET /api/v1/convoys?status=active&limit=5 200 584 - 6.531 ms
2026-05-12 16:00:03 [info]: GET /api/v1/analytics/fleet-utilization 200 358 - 17.569 ms
2026-05-12 16:01:02 [info]: New PostgreSQL client connected
2026-05-12 16:01:02 [info]: GET /api/v1/analytics/fleet-utilization 200 358 - 16.543 ms
2026-05-12 16:01:02 [info]: New PostgreSQL client connected
2026-05-12 16:01:02 [info]: New PostgreSQL client connected
2026-05-12 16:01:02 [info]: New PostgreSQL client connected
2026-05-12 16:01:02 [info]: New PostgreSQL client connected
2026-05-12 16:01:02 [info]: New PostgreSQL client connected
2026-05-12 16:01:02 [info]: GET /api/v1/analytics/dashboard 200 118 - 130.940 ms
2026-05-12 16:01:02 [info]: GET /api/v1/analytics/convoy-metrics 200 2800 - 6.528 ms
2026-05-12 16:01:02 [info]: GET /api/v1/convoys?status=active&limit=5 200 584 - 5.973 ms
2026-05-12 16:02:02 [info]: New PostgreSQL client connected
2026-05-12 16:02:02 [info]: New PostgreSQL client connected
2026-05-12 16:02:02 [info]: New PostgreSQL client connected
2026-05-12 16:02:02 [info]: New PostgreSQL client connected
2026-05-12 16:02:02 [info]: New PostgreSQL client connected
2026-05-12 16:02:02 [info]: New PostgreSQL client connected
2026-05-12 16:02:02 [info]: GET /api/v1/analytics/dashboard 200 118 - 59.676 ms
2026-05-12 16:02:02 [info]: GET /api/v1/analytics/fleet-utilization 200 358 - 6.383 ms
2026-05-12 16:02:02 [info]: GET /api/v1/analytics/convoy-metrics 200 2800 - 7.383 ms
2026-05-12 16:02:02 [info]: GET /api/v1/convoys?status=active&limit=5 200 584 - 6.026 ms
2026-05-12 16:03:02 [info]: New PostgreSQL client connected
2026-05-12 16:03:02 [info]: New PostgreSQL client connected
2026-05-12 16:03:02 [info]: New PostgreSQL client connected
2026-05-12 16:03:02 [info]: New PostgreSQL client connected
2026-05-12 16:03:02 [info]: New PostgreSQL client connected
2026-05-12 16:03:02 [info]: New PostgreSQL client connected
2026-05-12 16:03:02 [info]: GET /api/v1/analytics/dashboard 200 118 - 62.033 ms
2026-05-12 16:03:02 [info]: GET /api/v1/convoys?status=active&limit=5 200 584 - 3.934 ms
2026-05-12 16:03:03 [info]: GET /api/v1/analytics/convoy-metrics 200 2800 - 2.415 ms
2026-05-12 16:03:04 [info]: GET /api/v1/analytics/fleet-utilization 200 358 - 2.374 ms
2026-05-12 16:04:02 [info]: New PostgreSQL client connected
2026-05-12 16:04:02 [info]: GET /api/v1/convoys?status=active&limit=5 200 584 - 23.295 ms
2026-05-12 16:04:03 [info]: GET /api/v1/analytics/convoy-metrics 200 2800 - 2.580 ms
2026-05-12 16:04:03 [info]: GET /api/v1/analytics/fleet-utilization 200 358 - 8.706 ms
2026-05-12 16:04:03 [info]: New PostgreSQL client connected
2026-05-12 16:04:03 [info]: New PostgreSQL client connected
2026-05-12 16:04:03 [info]: New PostgreSQL client connected
2026-05-12 16:04:03 [info]: New PostgreSQL client connected
2026-05-12 16:04:03 [info]: New PostgreSQL client connected
2026-05-12 16:04:03 [info]: GET /api/v1/analytics/dashboard 200 118 - 43.112 ms
2026-05-12 16:05:03 [info]: New PostgreSQL client connected
2026-05-12 16:05:03 [info]: New PostgreSQL client connected
2026-05-12 16:05:03 [info]: New PostgreSQL client connected
2026-05-12 16:05:03 [info]: New PostgreSQL client connected
2026-05-12 16:05:03 [info]: New PostgreSQL client connected
2026-05-12 16:05:03 [info]: New PostgreSQL client connected
2026-05-12 16:05:03 [info]: GET /api/v1/analytics/dashboard 200 118 - 60.768 ms
2026-05-12 16:05:03 [info]: GET /api/v1/analytics/convoy-metrics 200 2800 - 3.906 ms
2026-05-12 16:05:03 [info]: GET /api/v1/convoys?status=active&limit=5 200 584 - 4.422 ms
2026-05-12 16:05:03 [info]: GET /api/v1/analytics/fleet-utilization 200 358 - 7.328 ms
2026-05-12 16:06:02 [info]: New PostgreSQL client connected
2026-05-12 16:06:02 [info]: GET /api/v1/analytics/fleet-utilization 200 358 - 18.103 ms
2026-05-12 16:06:02 [info]: GET /api/v1/analytics/convoy-metrics 200 2800 - 5.535 ms
2026-05-12 16:06:02 [info]: New PostgreSQL client connected
2026-05-12 16:06:02 [info]: New PostgreSQL client connected
2026-05-12 16:06:02 [info]: New PostgreSQL client connected
2026-05-12 16:06:02 [info]: New PostgreSQL client connected
2026-05-12 16:06:03 [info]: New PostgreSQL client connected
2026-05-12 16:06:03 [info]: GET /api/v1/analytics/dashboard 200 118 - 79.898 ms
2026-05-12 16:06:03 [info]: GET /api/v1/convoys?status=active&limit=5 200 584 - 7.958 ms
2026-05-12 16:07:02 [info]: New PostgreSQL client connected
2026-05-12 16:07:02 [info]: New PostgreSQL client connected
2026-05-12 16:07:02 [info]: New PostgreSQL client connected
2026-05-12 16:07:02 [info]: New PostgreSQL client connected
2026-05-12 16:07:02 [info]: New PostgreSQL client connected
2026-05-12 16:07:02 [info]: New PostgreSQL client connected
2026-05-12 16:07:02 [info]: GET /api/v1/analytics/dashboard 200 118 - 69.759 ms
2026-05-12 16:07:02 [info]: GET /api/v1/analytics/fleet-utilization 200 358 - 3.364 ms
2026-05-12 16:07:02 [info]: GET /api/v1/convoys?status=active&limit=5 200 584 - 4.342 ms
2026-05-12 16:07:02 [info]: GET /api/v1/analytics/convoy-metrics 200 2800 - 4.195 ms
2026-05-12 16:08:02 [info]: New PostgreSQL client connected
2026-05-12 16:08:02 [info]: New PostgreSQL client connected
2026-05-12 16:08:02 [info]: GET /api/v1/analytics/fleet-utilization 200 358 - 27.595 ms
2026-05-12 16:08:02 [info]: GET /api/v1/analytics/convoy-metrics 200 2800 - 35.065 ms
2026-05-12 16:08:02 [info]: New PostgreSQL client connected
2026-05-12 16:08:02 [info]: New PostgreSQL client connected
2026-05-12 16:08:02 [info]: New PostgreSQL client connected
2026-05-12 16:08:02 [info]: New PostgreSQL client connected
2026-05-12 16:08:02 [info]: GET /api/v1/analytics/dashboard 200 118 - 43.468 ms
2026-05-12 16:08:02 [info]: GET /api/v1/convoys?status=active&limit=5 200 584 - 3.695 ms
2026-05-12 16:09:02 [info]: New PostgreSQL client connected
2026-05-12 16:09:02 [info]: GET /api/v1/convoys?status=active&limit=5 200 584 - 24.440 ms
2026-05-12 16:09:02 [info]: New PostgreSQL client connected
2026-05-12 16:09:02 [info]: GET /api/v1/analytics/fleet-utilization 200 358 - 31.419 ms
2026-05-12 16:09:03 [info]: New PostgreSQL client connected
2026-05-12 16:09:03 [info]: New PostgreSQL client connected
2026-05-12 16:09:03 [info]: New PostgreSQL client connected
2026-05-12 16:09:03 [info]: New PostgreSQL client connected
2026-05-12 16:09:03 [info]: GET /api/v1/analytics/dashboard 200 118 - 41.772 ms
2026-05-12 16:09:03 [info]: GET /api/v1/analytics/convoy-metrics 200 2800 - 5.519 ms
2026-05-12 16:10:02 [info]: New PostgreSQL client connected
2026-05-12 16:10:02 [info]: New PostgreSQL client connected
2026-05-12 16:10:02 [info]: New PostgreSQL client connected
2026-05-12 16:10:02 [info]: New PostgreSQL client connected
2026-05-12 16:10:02 [info]: New PostgreSQL client connected
2026-05-12 16:10:02 [info]: New PostgreSQL client connected
2026-05-12 16:10:02 [info]: GET /api/v1/analytics/dashboard 200 118 - 120.689 ms
2026-05-12 16:10:02 [info]: GET /api/v1/analytics/convoy-metrics 200 2800 - 5.278 ms
2026-05-12 16:10:02 [info]: GET /api/v1/analytics/fleet-utilization 200 358 - 3.012 ms
2026-05-12 16:10:02 [info]: GET /api/v1/convoys?status=active&limit=5 200 584 - 3.070 ms
2026-05-12 16:11:02 [info]: New PostgreSQL client connected
2026-05-12 16:11:02 [info]: New PostgreSQL client connected
2026-05-12 16:11:02 [info]: GET /api/v1/analytics/fleet-utilization 200 358 - 30.549 ms
2026-05-12 16:11:02 [info]: GET /api/v1/convoys?status=active&limit=5 200 584 - 49.300 ms
2026-05-12 16:11:02 [info]: New PostgreSQL client connected
2026-05-12 16:11:02 [info]: GET /api/v1/analytics/convoy-metrics 200 2800 - 40.863 ms
2026-05-12 16:11:03 [info]: New PostgreSQL client connected
2026-05-12 16:11:03 [info]: New PostgreSQL client connected
2026-05-12 16:11:03 [info]: New PostgreSQL client connected
2026-05-12 16:11:03 [info]: GET /api/v1/analytics/dashboard 200 118 - 27.393 ms
2026-05-12 16:12:02 [info]: New PostgreSQL client connected
2026-05-12 16:12:02 [info]: New PostgreSQL client connected
2026-05-12 16:12:02 [info]: New PostgreSQL client connected
2026-05-12 16:12:02 [info]: New PostgreSQL client connected
2026-05-12 16:12:02 [info]: New PostgreSQL client connected
2026-05-12 16:12:02 [info]: New PostgreSQL client connected
2026-05-12 16:12:02 [info]: GET /api/v1/analytics/dashboard 200 118 - 125.228 ms
2026-05-12 16:12:03 [info]: GET /api/v1/convoys?status=active&limit=5 200 584 - 7.857 ms
2026-05-12 16:12:03 [info]: GET /api/v1/analytics/convoy-metrics 200 2800 - 9.030 ms
2026-05-12 16:12:03 [info]: GET /api/v1/analytics/fleet-utilization 200 358 - 8.020 ms
2026-05-12 16:13:02 [info]: New PostgreSQL client connected
2026-05-12 16:13:02 [info]: GET /api/v1/analytics/fleet-utilization 200 358 - 24.190 ms
2026-05-12 16:13:02 [info]: GET /api/v1/analytics/convoy-metrics 200 2800 - 9.696 ms
2026-05-12 16:13:02 [info]: New PostgreSQL client connected
2026-05-12 16:13:02 [info]: New PostgreSQL client connected
2026-05-12 16:13:02 [info]: New PostgreSQL client connected
2026-05-12 16:13:02 [info]: New PostgreSQL client connected
2026-05-12 16:13:02 [info]: New PostgreSQL client connected
2026-05-12 16:13:02 [info]: GET /api/v1/analytics/dashboard 200 118 - 44.789 ms
2026-05-12 16:13:02 [info]: GET /api/v1/convoys?status=active&limit=5 200 584 - 4.007 ms
2026-05-12 16:14:02 [info]: New PostgreSQL client connected
2026-05-12 16:14:02 [info]: GET /api/v1/convoys?status=active&limit=5 200 584 - 33.179 ms
2026-05-12 16:14:02 [info]: New PostgreSQL client connected
2026-05-12 16:14:03 [info]: New PostgreSQL client connected
2026-05-12 16:14:03 [info]: New PostgreSQL client connected
2026-05-12 16:14:03 [info]: New PostgreSQL client connected
2026-05-12 16:14:03 [info]: New PostgreSQL client connected
2026-05-12 16:14:03 [info]: New PostgreSQL client connected
2026-05-12 16:14:03 [info]: GET /api/v1/analytics/fleet-utilization 200 358 - 93.760 ms
2026-05-12 16:14:03 [info]: GET /api/v1/analytics/dashboard 200 118 - 212.205 ms
2026-05-12 16:14:03 [info]: GET /api/v1/analytics/convoy-metrics 200 2800 - 15.063 ms
2026-05-12 16:15:02 [info]: New PostgreSQL client connected
2026-05-12 16:15:02 [info]: New PostgreSQL client connected
2026-05-12 16:15:02 [info]: New PostgreSQL client connected
2026-05-12 16:15:02 [info]: GET /api/v1/analytics/fleet-utilization 200 358 - 46.778 ms
2026-05-12 16:15:02 [info]: GET /api/v1/analytics/convoy-metrics 200 2800 - 65.251 ms
2026-05-12 16:15:02 [info]: GET /api/v1/convoys?status=active&limit=5 200 584 - 75.440 ms
2026-05-12 16:15:02 [info]: New PostgreSQL client connected
2026-05-12 16:15:02 [info]: New PostgreSQL client connected
2026-05-12 16:15:02 [info]: New PostgreSQL client connected
2026-05-12 16:15:02 [info]: GET /api/v1/analytics/dashboard 200 118 - 34.372 ms
2026-05-12 16:16:02 [info]: New PostgreSQL client connected
2026-05-12 16:16:02 [info]: New PostgreSQL client connected
2026-05-12 16:16:02 [info]: New PostgreSQL client connected
2026-05-12 16:16:02 [info]: New PostgreSQL client connected
2026-05-12 16:16:02 [info]: New PostgreSQL client connected
2026-05-12 16:16:02 [info]: New PostgreSQL client connected
2026-05-12 16:16:02 [info]: GET /api/v1/analytics/dashboard 200 118 - 48.909 ms
2026-05-12 16:16:02 [info]: GET /api/v1/analytics/fleet-utilization 200 358 - 3.497 ms
2026-05-12 16:16:03 [info]: GET /api/v1/convoys?status=active&limit=5 200 584 - 11.478 ms
2026-05-12 16:16:03 [info]: GET /api/v1/analytics/convoy-metrics 200 2800 - 3.313 ms
2026-05-12 16:17:02 [info]: New PostgreSQL client connected
2026-05-12 16:17:02 [info]: New PostgreSQL client connected
2026-05-12 16:17:02 [info]: New PostgreSQL client connected
2026-05-12 16:17:02 [info]: New PostgreSQL client connected
2026-05-12 16:17:02 [info]: GET /api/v1/analytics/fleet-utilization 200 358 - 32.801 ms
2026-05-12 16:17:02 [info]: GET /api/v1/analytics/convoy-metrics 200 2800 - 21.184 ms
2026-05-12 16:17:02 [info]: New PostgreSQL client connected
2026-05-12 16:17:02 [info]: New PostgreSQL client connected
2026-05-12 16:17:03 [info]: GET /api/v1/analytics/dashboard 200 118 - 157.757 ms
2026-05-12 16:17:03 [info]: GET /api/v1/convoys?status=active&limit=5 200 584 - 3.710 ms
2026-05-12 16:18:02 [info]: New PostgreSQL client connected
2026-05-12 16:18:02 [info]: GET /api/v1/convoys?status=active&limit=5 200 584 - 36.562 ms
2026-05-12 16:18:02 [info]: GET /api/v1/analytics/fleet-utilization 200 358 - 4.349 ms
2026-05-12 16:18:02 [info]: New PostgreSQL client connected
2026-05-12 16:18:02 [info]: GET /api/v1/analytics/convoy-metrics 200 2800 - 18.666 ms
2026-05-12 16:18:02 [info]: New PostgreSQL client connected
2026-05-12 16:18:02 [info]: New PostgreSQL client connected
2026-05-12 16:18:02 [info]: New PostgreSQL client connected
2026-05-12 16:18:02 [info]: New PostgreSQL client connected
2026-05-12 16:18:02 [info]: GET /api/v1/analytics/dashboard 200 118 - 46.934 ms
2026-05-12 16:19:02 [info]: New PostgreSQL client connected
2026-05-12 16:19:02 [info]: GET /api/v1/convoys?status=active&limit=5 200 584 - 23.588 ms
2026-05-12 16:19:02 [info]: New PostgreSQL client connected
2026-05-12 16:19:02 [info]: GET /api/v1/analytics/fleet-utilization 200 358 - 36.310 ms
2026-05-12 16:19:02 [info]: New PostgreSQL client connected
2026-05-12 16:19:02 [info]: New PostgreSQL client connected
2026-05-12 16:19:02 [info]: New PostgreSQL client connected
2026-05-12 16:19:02 [info]: New PostgreSQL client connected
2026-05-12 16:19:02 [info]: GET /api/v1/analytics/dashboard 200 118 - 46.826 ms
2026-05-12 16:19:02 [info]: GET /api/v1/analytics/convoy-metrics 200 2800 - 13.662 ms
2026-05-12 16:20:02 [info]: New PostgreSQL client connected
2026-05-12 16:20:02 [info]: New PostgreSQL client connected
2026-05-12 16:20:02 [info]: GET /api/v1/analytics/fleet-utilization 200 358 - 38.422 ms
2026-05-12 16:20:02 [info]: New PostgreSQL client connected
2026-05-12 16:20:02 [info]: New PostgreSQL client connected
2026-05-12 16:20:02 [info]: New PostgreSQL client connected
2026-05-12 16:20:02 [info]: New PostgreSQL client connected
2026-05-12 16:20:02 [info]: New PostgreSQL client connected
2026-05-12 16:20:03 [info]: GET /api/v1/analytics/dashboard 200 118 - 129.524 ms
2026-05-12 16:20:03 [info]: GET /api/v1/analytics/convoy-metrics 200 2800 - 4.477 ms
2026-05-12 16:20:03 [info]: GET /api/v1/convoys?status=active&limit=5 200 584 - 3.783 ms
2026-05-12 16:21:02 [info]: New PostgreSQL client connected
2026-05-12 16:21:02 [info]: New PostgreSQL client connected
2026-05-12 16:21:02 [info]: GET /api/v1/analytics/convoy-metrics 200 2800 - 48.346 ms
2026-05-12 16:21:02 [info]: New PostgreSQL client connected
2026-05-12 16:21:02 [info]: New PostgreSQL client connected
2026-05-12 16:21:02 [info]: New PostgreSQL client connected
2026-05-12 16:21:02 [info]: New PostgreSQL client connected
2026-05-12 16:21:02 [info]: New PostgreSQL client connected
2026-05-12 16:21:02 [info]: GET /api/v1/analytics/dashboard 200 118 - 180.468 ms
2026-05-12 16:21:02 [info]: GET /api/v1/analytics/fleet-utilization 200 358 - 4.237 ms
2026-05-12 16:21:02 [info]: GET /api/v1/convoys?status=active&limit=5 200 584 - 3.536 ms
2026-05-12 16:22:02 [info]: New PostgreSQL client connected
2026-05-12 16:22:02 [info]: GET /api/v1/analytics/fleet-utilization 200 358 - 25.162 ms
2026-05-12 16:22:02 [info]: New PostgreSQL client connected
2026-05-12 16:22:02 [info]: GET /api/v1/analytics/convoy-metrics 200 2800 - 42.016 ms
2026-05-12 16:22:02 [info]: GET /api/v1/convoys?status=active&limit=5 200 584 - 14.148 ms
2026-05-12 16:22:02 [info]: New PostgreSQL client connected
2026-05-12 16:22:02 [info]: New PostgreSQL client connected
2026-05-12 16:22:02 [info]: New PostgreSQL client connected
2026-05-12 16:22:02 [info]: New PostgreSQL client connected
2026-05-12 16:22:02 [info]: GET /api/v1/analytics/dashboard 200 118 - 35.027 ms
2026-05-12 16:23:02 [info]: New PostgreSQL client connected
2026-05-12 16:23:02 [info]: GET /api/v1/analytics/convoy-metrics 200 2800 - 30.112 ms
2026-05-12 16:23:02 [info]: New PostgreSQL client connected
2026-05-12 16:23:02 [info]: GET /api/v1/analytics/fleet-utilization 200 358 - 4.994 ms
2026-05-12 16:23:02 [info]: New PostgreSQL client connected
2026-05-12 16:23:02 [info]: New PostgreSQL client connected
2026-05-12 16:23:02 [info]: New PostgreSQL client connected
2026-05-12 16:23:02 [info]: GET /api/v1/convoys?status=active&limit=5 200 584 - 16.321 ms
2026-05-12 16:23:02 [info]: New PostgreSQL client connected
2026-05-12 16:23:02 [info]: GET /api/v1/analytics/dashboard 200 118 - 99.579 ms
2026-05-12 16:24:02 [info]: New PostgreSQL client connected
2026-05-12 16:24:02 [info]: GET /api/v1/analytics/convoy-metrics 200 2800 - 13.764 ms
2026-05-12 16:24:02 [info]: GET /api/v1/convoys?status=active&limit=5 200 584 - 6.095 ms
2026-05-12 16:24:03 [info]: GET /api/v1/analytics/fleet-utilization 200 358 - 6.090 ms
2026-05-12 16:24:03 [info]: New PostgreSQL client connected
2026-05-12 16:24:03 [info]: New PostgreSQL client connected
2026-05-12 16:24:03 [info]: New PostgreSQL client connected
2026-05-12 16:24:03 [info]: New PostgreSQL client connected
2026-05-12 16:24:03 [info]: New PostgreSQL client connected
2026-05-12 16:24:03 [info]: GET /api/v1/analytics/dashboard 200 118 - 61.702 ms
2026-05-12 16:25:02 [info]: New PostgreSQL client connected
2026-05-12 16:25:02 [info]: New PostgreSQL client connected
2026-05-12 16:25:02 [info]: GET /api/v1/analytics/fleet-utilization 200 358 - 36.136 ms
2026-05-12 16:25:02 [info]: GET /api/v1/convoys?status=active&limit=5 200 584 - 47.634 ms
2026-05-12 16:25:02 [info]: GET /api/v1/analytics/convoy-metrics 200 2800 - 2.530 ms
2026-05-12 16:25:03 [info]: New PostgreSQL client connected
2026-05-12 16:25:03 [info]: New PostgreSQL client connected
2026-05-12 16:25:03 [info]: New PostgreSQL client connected
2026-05-12 16:25:03 [info]: New PostgreSQL client connected
2026-05-12 16:25:03 [info]: GET /api/v1/analytics/dashboard 200 118 - 31.368 ms
2026-05-12 16:26:02 [info]: New PostgreSQL client connected
2026-05-12 16:26:02 [info]: GET /api/v1/analytics/convoy-metrics 200 2800 - 22.971 ms
2026-05-12 16:26:02 [info]: New PostgreSQL client connected
2026-05-12 16:26:02 [info]: New PostgreSQL client connected
2026-05-12 16:26:02 [info]: New PostgreSQL client connected
2026-05-12 16:26:02 [info]: New PostgreSQL client connected
2026-05-12 16:26:02 [info]: New PostgreSQL client connected
2026-05-12 16:26:02 [info]: GET /api/v1/analytics/dashboard 200 118 - 63.349 ms
2026-05-12 16:26:03 [info]: GET /api/v1/analytics/fleet-utilization 200 358 - 9.736 ms
2026-05-12 16:26:03 [info]: GET /api/v1/convoys?status=active&limit=5 200 584 - 6.128 ms
2026-05-12 16:27:02 [info]: New PostgreSQL client connected
2026-05-12 16:27:02 [info]: GET /api/v1/convoys?status=active&limit=5 200 584 - 45.374 ms
2026-05-12 16:27:02 [info]: GET /api/v1/analytics/convoy-metrics 200 2800 - 12.991 ms
2026-05-12 16:27:02 [info]: GET /api/v1/analytics/fleet-utilization 200 358 - 17.232 ms
2026-05-12 16:27:02 [info]: New PostgreSQL client connected
2026-05-12 16:27:03 [info]: New PostgreSQL client connected
2026-05-12 16:27:03 [info]: New PostgreSQL client connected
2026-05-12 16:27:03 [info]: New PostgreSQL client connected
2026-05-12 16:27:03 [info]: New PostgreSQL client connected
2026-05-12 16:27:03 [info]: GET /api/v1/analytics/dashboard 200 118 - 107.064 ms
