2026-05-12 15:14:20 [error]: [POST /api/v1/auth/login] Error: Not allowed by CORS
    at origin (/workspaces/Sonalit/backend/src/app.js:63:264)
    at /workspaces/Sonalit/backend/node_modules/cors/lib/index.js:219:13
    at optionsCallback (/workspaces/Sonalit/backend/node_modules/cors/lib/index.js:199:9)
    at corsMiddleware (/workspaces/Sonalit/backend/node_modules/cors/lib/index.js:204:7)
    at Layer.handle [as handle_request] (/workspaces/Sonalit/backend/node_modules/express/lib/router/layer.js:95:5)
    at trim_prefix (/workspaces/Sonalit/backend/node_modules/express/lib/router/index.js:328:13)
    at /workspaces/Sonalit/backend/node_modules/express/lib/router/index.js:286:9
    at Function.process_params (/workspaces/Sonalit/backend/node_modules/express/lib/router/index.js:346:12)
    at next (/workspaces/Sonalit/backend/node_modules/express/lib/router/index.js:280:10)
    at internalNext (/workspaces/Sonalit/backend/node_modules/helmet/index.cjs:537:6)
2026-05-12 15:14:23 [error]: [POST /api/v1/auth/login] Error: Not allowed by CORS
    at origin (/workspaces/Sonalit/backend/src/app.js:63:264)
    at /workspaces/Sonalit/backend/node_modules/cors/lib/index.js:219:13
    at optionsCallback (/workspaces/Sonalit/backend/node_modules/cors/lib/index.js:199:9)
    at corsMiddleware (/workspaces/Sonalit/backend/node_modules/cors/lib/index.js:204:7)
    at Layer.handle [as handle_request] (/workspaces/Sonalit/backend/node_modules/express/lib/router/layer.js:95:5)
    at trim_prefix (/workspaces/Sonalit/backend/node_modules/express/lib/router/index.js:328:13)
    at /workspaces/Sonalit/backend/node_modules/express/lib/router/index.js:286:9
    at Function.process_params (/workspaces/Sonalit/backend/node_modules/express/lib/router/index.js:346:12)
    at next (/workspaces/Sonalit/backend/node_modules/express/lib/router/index.js:280:10)
    at internalNext (/workspaces/Sonalit/backend/node_modules/helmet/index.cjs:537:6)
